mkdir: cannot create directory ‘./logs/2024-06-18/’: File exists
dataset_name: bostonHousing
model_name: FCN
FCN
model_name: noisyFCN
init_noiselevel: 0.01
init_noiselevel: 0.05
init_noiselevel: 0.1
init_noiselevel: 0.2
model_name: fixnoiseFCN
fix_noiselevel: 0.01
fix_noiselevel: 0.05
fix_noiselevel: 0.1
fix_noiselevel: 0.2
model_name: dropoutFCN
dropout_prob: 0.005
dropout_prob: 0.05
dataset_name: concrete
model_name: FCN
FCN
model_name: noisyFCN
init_noiselevel: 0.01
init_noiselevel: 0.05
init_noiselevel: 0.1
init_noiselevel: 0.2
model_name: fixnoiseFCN
fix_noiselevel: 0.01
fix_noiselevel: 0.05
fix_noiselevel: 0.1
fix_noiselevel: 0.2
model_name: dropoutFCN
dropout_prob: 0.005
dropout_prob: 0.05
dataset_name: energy
model_name: FCN
FCN
model_name: noisyFCN
init_noiselevel: 0.01
init_noiselevel: 0.05
init_noiselevel: 0.1
init_noiselevel: 0.2
model_name: fixnoiseFCN
fix_noiselevel: 0.01
fix_noiselevel: 0.05
fix_noiselevel: 0.1
fix_noiselevel: 0.2
model_name: dropoutFCN
dropout_prob: 0.005
dropout_prob: 0.05
dataset_name: kin8nm
model_name: FCN
FCN
model_name: noisyFCN
init_noiselevel: 0.01
init_noiselevel: 0.05
init_noiselevel: 0.1
init_noiselevel: 0.2
model_name: fixnoiseFCN
fix_noiselevel: 0.01
fix_noiselevel: 0.05
fix_noiselevel: 0.1
fix_noiselevel: 0.2
model_name: dropoutFCN
dropout_prob: 0.005
dropout_prob: 0.05
dataset_name: power-plant
model_name: FCN
FCN
model_name: noisyFCN
init_noiselevel: 0.01
init_noiselevel: 0.05
init_noiselevel: 0.1
init_noiselevel: 0.2
model_name: fixnoiseFCN
fix_noiselevel: 0.01
fix_noiselevel: 0.05
fix_noiselevel: 0.1
fix_noiselevel: 0.2
model_name: dropoutFCN
dropout_prob: 0.005
dropout_prob: 0.05
dataset_name: protein-tertiary-structure
model_name: FCN
FCN
model_name: noisyFCN
init_noiselevel: 0.01
init_noiselevel: 0.05
init_noiselevel: 0.1
init_noiselevel: 0.2
model_name: fixnoiseFCN
fix_noiselevel: 0.01
fix_noiselevel: 0.05
fix_noiselevel: 0.1
fix_noiselevel: 0.2
model_name: dropoutFCN
dropout_prob: 0.005
dropout_prob: 0.05
dataset_name: wine-quality-red
model_name: FCN
FCN
model_name: noisyFCN
init_noiselevel: 0.01
init_noiselevel: 0.05
init_noiselevel: 0.1
init_noiselevel: 0.2
model_name: fixnoiseFCN
fix_noiselevel: 0.01
fix_noiselevel: 0.05
fix_noiselevel: 0.1
fix_noiselevel: 0.2
model_name: dropoutFCN
dropout_prob: 0.005
dropout_prob: 0.05
dataset_name: yacht
model_name: FCN
FCN
model_name: noisyFCN
init_noiselevel: 0.01
init_noiselevel: 0.05
init_noiselevel: 0.1
init_noiselevel: 0.2
model_name: fixnoiseFCN
fix_noiselevel: 0.01
fix_noiselevel: 0.05
fix_noiselevel: 0.1
fix_noiselevel: 0.2
model_name: dropoutFCN
dropout_prob: 0.005
dropout_prob: 0.05
