{'datasets': ['yacht'], 'models': ['FCN'], 'optimizer_name': 'Adam', 'hyperparam_eval_interval': 10, 'patience': 3, 'global_max_epochs': 2000, 'dropout_probs': [0.2, 0.1, 0.05, 0.01, 0.005, 0.001], 'fix_noiselevels': [0.001, 0.005, 0.01, 0.05, 0.1], 'init_noiselevels': [0.001, 0.005, 0.01, 0.05, 0.1], 'batch_sizes': [32], 'batch_sizes_specific': {'energy': [32]}, 'weight_decays': [1e-09, 1e-05, 0.0001], 'dropout_batch_size': 32, 'n_hidden': 2, 'nonlinearity': 'relu', 'learning_rates': [0.002, 0.001, 0.0005, 0.0001], 'mc_samples': 500, 'num_units': 50, 'num_units_specific': {'protein-tertiary-structure': 100}, 'normalize_X': True, 'normalize_y': True, 'n_folds': 5, 'inverted_cv_fraction': 5}
use_cuda: True
/home/xueqiong/noise_injection_uncertainty/regression/utils.py:39: FutureWarning: The 'delim_whitespace' keyword in pd.read_csv is deprecated and will be removed in a future version. Use ``sep='\s+'`` instead
  return pd.read_csv(dataset_path, engine='python', header=None, delim_whitespace=True)
13 1
405 101 506
model_name FCN
using Adam as optimizer
epoch 0
train_loss: 0.7240
test_loss: 0.5022
epoch 1
train_loss: 0.4166
test_loss: 0.2740
epoch 2
train_loss: 0.2727
test_loss: 0.1458
epoch 3
train_loss: 0.2276
test_loss: 0.1169
epoch 4
train_loss: 0.2047
test_loss: 0.1096
epoch 5
train_loss: 0.1867
test_loss: 0.0981
epoch 6
train_loss: 0.1730
test_loss: 0.0909
epoch 7
train_loss: 0.1616
test_loss: 0.0885
epoch 8
train_loss: 0.1510
test_loss: 0.0869
epoch 9
train_loss: 0.1424
test_loss: 0.0856
epoch 10
train_loss: 0.1348
test_loss: 0.0845
epoch 11
train_loss: 0.1280
test_loss: 0.0837
epoch 12
train_loss: 0.1218
test_loss: 0.0830
epoch 13
train_loss: 0.1163
test_loss: 0.0826
epoch 14
train_loss: 0.1112
test_loss: 0.0817
epoch 15
train_loss: 0.1064
test_loss: 0.0797
epoch 16
train_loss: 0.1014
test_loss: 0.0784
epoch 17
train_loss: 0.0972
test_loss: 0.0770
epoch 18
train_loss: 0.0932
test_loss: 0.0758
epoch 19
train_loss: 0.0890
test_loss: 0.0752
epoch 20
train_loss: 0.0850
test_loss: 0.0748
epoch 21
train_loss: 0.0818
test_loss: 0.0743
epoch 22
train_loss: 0.0783
test_loss: 0.0750
epoch 23
train_loss: 0.0754
test_loss: 0.0740
epoch 24
train_loss: 0.0724
test_loss: 0.0742
epoch 25
train_loss: 0.0700
test_loss: 0.0741
epoch 26
train_loss: 0.0676
test_loss: 0.0736
epoch 27
train_loss: 0.0653
test_loss: 0.0744
epoch 28
train_loss: 0.0633
test_loss: 0.0742
epoch 29
train_loss: 0.0616
test_loss: 0.0748
epoch 30
train_loss: 0.0597
test_loss: 0.0751
epoch 31
train_loss: 0.0583
test_loss: 0.0755
epoch 32
train_loss: 0.0567
test_loss: 0.0765
epoch 33
train_loss: 0.0553
test_loss: 0.0769
epoch 34
train_loss: 0.0538
test_loss: 0.0778
epoch 35
train_loss: 0.0527
test_loss: 0.0776
epoch 36
train_loss: 0.0516
test_loss: 0.0790
epoch 37
train_loss: 0.0506
test_loss: 0.0785
epoch 38
train_loss: 0.0494
test_loss: 0.0791
epoch 39
train_loss: 0.0485
test_loss: 0.0794
epoch 40
train_loss: 0.0476
test_loss: 0.0794
epoch 41
train_loss: 0.0465
test_loss: 0.0805
epoch 42
train_loss: 0.0458
test_loss: 0.0801
epoch 43
train_loss: 0.0446
test_loss: 0.0812
epoch 44
train_loss: 0.0440
test_loss: 0.0804
epoch 45
train_loss: 0.0428
test_loss: 0.0812
epoch 46
train_loss: 0.0420
test_loss: 0.0818
epoch 47
train_loss: 0.0411
test_loss: 0.0803
epoch 48
train_loss: 0.0401
test_loss: 0.0810
epoch 49
train_loss: 0.0395
test_loss: 0.0809
